#-----------------------------------------------------------
# Webtalk v2019.1 (64-bit)
# SW Build 2552052 on Fri May 24 14:49:42 MDT 2019
# IP Build 2548770 on Fri May 24 18:01:18 MDT 2019
# Start of session at: Thu Feb 18 16:24:57 2021
# Process ID: 6188
# Current directory: C:/Users/Alexander/Documents/Master_Embedded/SoC_Lab/SV_Testbench_vhdlMemory/SV_Testbench_vhdlMemory.sim/sim_1/impl/func/xsim
# Command line: wbtcv.exe -mode batch -source C:/Users/Alexander/Documents/Master_Embedded/SoC_Lab/SV_Testbench_vhdlMemory/SV_Testbench_vhdlMemory.sim/sim_1/impl/func/xsim/xsim.dir/tb_func_impl/webtalk/xsim_webtalk.tcl -notrace
# Log file: C:/Users/Alexander/Documents/Master_Embedded/SoC_Lab/SV_Testbench_vhdlMemory/SV_Testbench_vhdlMemory.sim/sim_1/impl/func/xsim/webtalk.log
# Journal file: C:/Users/Alexander/Documents/Master_Embedded/SoC_Lab/SV_Testbench_vhdlMemory/SV_Testbench_vhdlMemory.sim/sim_1/impl/func/xsim\webtalk.jou
#-----------------------------------------------------------
source C:/Users/Alexander/Documents/Master_Embedded/SoC_Lab/SV_Testbench_vhdlMemory/SV_Testbench_vhdlMemory.sim/sim_1/impl/func/xsim/xsim.dir/tb_func_impl/webtalk/xsim_webtalk.tcl -notrace
